{"level":"info","time":1719558975540,"msg":"This is an info message","hostname":"crko","pid":98109}
{"level":"warn","time":1719558975541,"msg":"This is a warning message","hostname":"crko","pid":98109}
{"level":"error","time":1719558975541,"msg":"This is an error message","hostname":"crko","pid":98109,"stacktrace":"github.com/wundergraph/cosmo/router-tests_test.TestNewZapLogger\n\t/mnt/c/Work/WunderGraph/cosmo/router-tests/logging_test.go:26\ntesting.tRunner\n\t/usr/local/go/src/testing/testing.go:1689"}
